// Jest Snapshot v1, https://goo.gl/fbAQLP

exports[`Widget renders mocks as expected for: Loading message... 1`] = `
"<WithSpinner pictures={{...}} totalCards={0} initialCard={0}>
  <Widget pictures={{...}} totalCards={0} initialCard={0} currentCard={0} onClickBack={[Function]} onClickNext={[Function]} reviews={{...}}>
    <div>
      Loading...
    </div>
  </Widget>
</WithSpinner>"
`;

exports[`Widget renders mocks as expected for: Pictures! 1`] = `
"<WithSpinner pictures={{...}} totalCards={5} initialCard={0}>
  <Widget pictures={{...}} totalCards={5} initialCard={0} currentCard={0} onClickBack={[Function]} onClickNext={[Function]} reviews={{...}}>
    <styled.div>
      <StyledComponent forwardedComponent={{...}} forwardedRef={{...}}>
        <div className=\\"sc-bdVaJa emmSvS\\">
          <styled.button onClick={[Function]}>
            <StyledComponent onClick={[Function]} forwardedComponent={{...}} forwardedRef={{...}}>
              <button onClick={[Function]} className=\\"sc-ifAKCX gVAEIN\\">
                &lt;
              </button>
            </StyledComponent>
          </styled.button>
          <styled.div>
            <StyledComponent forwardedComponent={{...}} forwardedRef={{...}}>
              <div className=\\"sc-bwzfXH kxWXJw\\">
                <styled.span active={true}>
                  <StyledComponent active={true} forwardedComponent={{...}} forwardedRef={{...}}>
                    <span className=\\"sc-htpNat gguXpr\\">
                      <styled.img src=\\"https://source.unsplash.com/random/150x150?sig=0\\" alt=\\"some description 0\\">
                        <StyledComponent src=\\"https://source.unsplash.com/random/150x150?sig=0\\" alt=\\"some description 0\\" forwardedComponent={{...}} forwardedRef={{...}}>
                          <img src=\\"https://source.unsplash.com/random/150x150?sig=0\\" alt=\\"some description 0\\" className=\\"sc-bxivhb jElvlS\\" />
                        </StyledComponent>
                      </styled.img>
                    </span>
                  </StyledComponent>
                </styled.span>
                <styled.span active={false}>
                  <StyledComponent active={false} forwardedComponent={{...}} forwardedRef={{...}}>
                    <span className=\\"sc-htpNat joeKyc\\">
                      <styled.img src=\\"https://source.unsplash.com/random/150x150?sig=1\\" alt=\\"some description 1\\">
                        <StyledComponent src=\\"https://source.unsplash.com/random/150x150?sig=1\\" alt=\\"some description 1\\" forwardedComponent={{...}} forwardedRef={{...}}>
                          <img src=\\"https://source.unsplash.com/random/150x150?sig=1\\" alt=\\"some description 1\\" className=\\"sc-bxivhb jElvlS\\" />
                        </StyledComponent>
                      </styled.img>
                    </span>
                  </StyledComponent>
                </styled.span>
                <styled.span active={false}>
                  <StyledComponent active={false} forwardedComponent={{...}} forwardedRef={{...}}>
                    <span className=\\"sc-htpNat joeKyc\\">
                      <styled.img src=\\"https://source.unsplash.com/random/150x150?sig=2\\" alt=\\"some description 2\\">
                        <StyledComponent src=\\"https://source.unsplash.com/random/150x150?sig=2\\" alt=\\"some description 2\\" forwardedComponent={{...}} forwardedRef={{...}}>
                          <img src=\\"https://source.unsplash.com/random/150x150?sig=2\\" alt=\\"some description 2\\" className=\\"sc-bxivhb jElvlS\\" />
                        </StyledComponent>
                      </styled.img>
                    </span>
                  </StyledComponent>
                </styled.span>
                <styled.span active={false}>
                  <StyledComponent active={false} forwardedComponent={{...}} forwardedRef={{...}}>
                    <span className=\\"sc-htpNat joeKyc\\">
                      <styled.img src=\\"https://source.unsplash.com/random/150x150?sig=3\\" alt=\\"some description 3\\">
                        <StyledComponent src=\\"https://source.unsplash.com/random/150x150?sig=3\\" alt=\\"some description 3\\" forwardedComponent={{...}} forwardedRef={{...}}>
                          <img src=\\"https://source.unsplash.com/random/150x150?sig=3\\" alt=\\"some description 3\\" className=\\"sc-bxivhb jElvlS\\" />
                        </StyledComponent>
                      </styled.img>
                    </span>
                  </StyledComponent>
                </styled.span>
                <styled.span active={false}>
                  <StyledComponent active={false} forwardedComponent={{...}} forwardedRef={{...}}>
                    <span className=\\"sc-htpNat joeKyc\\">
                      <styled.img src=\\"https://source.unsplash.com/random/150x150?sig=4\\" alt=\\"some description 4\\">
                        <StyledComponent src=\\"https://source.unsplash.com/random/150x150?sig=4\\" alt=\\"some description 4\\" forwardedComponent={{...}} forwardedRef={{...}}>
                          <img src=\\"https://source.unsplash.com/random/150x150?sig=4\\" alt=\\"some description 4\\" className=\\"sc-bxivhb jElvlS\\" />
                        </StyledComponent>
                      </styled.img>
                    </span>
                  </StyledComponent>
                </styled.span>
              </div>
            </StyledComponent>
          </styled.div>
          <styled.button onClick={[Function]}>
            <StyledComponent onClick={[Function]} forwardedComponent={{...}} forwardedRef={{...}}>
              <button onClick={[Function]} className=\\"sc-ifAKCX gVAEIN\\">
                &gt;
              </button>
            </StyledComponent>
          </styled.button>
        </div>
      </StyledComponent>
    </styled.div>
  </Widget>
</WithSpinner>"
`;
